[debug] [2025-11-27T03:34:21.932Z] ----------------------------------------------------------------------
[debug] [2025-11-27T03:34:21.936Z] Command:       C:\Program Files\nodejs\node.exe C:\Users\Dampipal\AppData\Roaming\npm\node_modules\firebase-tools\lib\bin\firebase.js init
[debug] [2025-11-27T03:34:21.937Z] CLI Version:   14.26.0
[debug] [2025-11-27T03:34:21.937Z] Platform:      win32
[debug] [2025-11-27T03:34:21.937Z] Node Version:  v24.11.0
[debug] [2025-11-27T03:34:21.937Z] Time:          Thu Nov 27 2025 09:04:21 GMT+0530 (India Standard Time)
[debug] [2025-11-27T03:34:21.937Z] ----------------------------------------------------------------------
[debug] 
[info] 
     ######## #### ########  ######## ########     ###     ######  ########
     ##        ##  ##     ## ##       ##     ##  ##   ##  ##       ##
     ######    ##  ########  ######   ########  #########  ######  ######
     ##        ##  ##    ##  ##       ##     ## ##     ##       ## ##
     ##       #### ##     ## ######## ########  ##     ##  ######  ########

You're about to initialize a Firebase project in this directory:

  C:\Users\Dampipal\OneDrive\Desktop\happy

[info] 
=== Project Setup
[info] 
[info] First, let's associate this project directory with a Firebase project.
[info] You can create multiple project aliases by running firebase use --add, 
[info] 
[debug] [2025-11-27T03:34:36.381Z] > command requires scopes: ["email","openid","https://www.googleapis.com/auth/cloudplatformprojects.readonly","https://www.googleapis.com/auth/firebase","https://www.googleapis.com/auth/cloud-platform"]
[debug] [2025-11-27T03:34:36.382Z] > authorizing via signed-in user (dampipaldata@gmail.com)
[debug] [2025-11-27T03:34:36.383Z] Checked if tokens are valid: true, expires at: 1764217974502
[debug] [2025-11-27T03:34:36.384Z] Checked if tokens are valid: true, expires at: 1764217974502
[debug] [2025-11-27T03:34:36.386Z] >>> [apiv2][query] GET https://firebase.googleapis.com/v1beta1/projects/happy-f8090 [none]
[debug] [2025-11-27T03:34:37.323Z] <<< [apiv2][status] GET https://firebase.googleapis.com/v1beta1/projects/happy-f8090 200
[debug] [2025-11-27T03:34:37.323Z] <<< [apiv2][body] GET https://firebase.googleapis.com/v1beta1/projects/happy-f8090 {"projectId":"happy-f8090","projectNumber":"482625654970","displayName":"happy","name":"projects/happy-f8090","resources":{"hostingSite":"happy-f8090"},"state":"ACTIVE","etag":"1_b204fe31-f5ce-47af-a509-a0a3e82c27ce"}
[info] i  Using project happy-f8090 (happy) . 
[info] 
=== Hosting Setup
[debug] [2025-11-27T03:34:37.374Z] Checked if tokens are valid: true, expires at: 1764217974502
[debug] [2025-11-27T03:34:37.375Z] Checked if tokens are valid: true, expires at: 1764217974502
[debug] [2025-11-27T03:34:37.376Z] >>> [apiv2][query] GET https://firebase.googleapis.com/v1beta1/projects/happy-f8090 [none]
[debug] [2025-11-27T03:34:37.759Z] <<< [apiv2][status] GET https://firebase.googleapis.com/v1beta1/projects/happy-f8090 200
[debug] [2025-11-27T03:34:37.760Z] <<< [apiv2][body] GET https://firebase.googleapis.com/v1beta1/projects/happy-f8090 {"projectId":"happy-f8090","projectNumber":"482625654970","displayName":"happy","name":"projects/happy-f8090","resources":{"hostingSite":"happy-f8090"},"state":"ACTIVE","etag":"1_b204fe31-f5ce-47af-a509-a0a3e82c27ce"}
[info] 
[info] Your public directory is the folder (relative to your project directory) that
[info] will contain Hosting assets to be uploaded with firebase deploy. If you
[info] have a build process for your assets, use your build's output directory.
[info] 
[debug] [2025-11-27T03:34:55.334Z] ExitPromptError: User force closed the prompt with SIGINT
    at Interface.sigint (C:\Users\Dampipal\AppData\Roaming\npm\node_modules\firebase-tools\node_modules\@inquirer\core\dist\commonjs\lib\create-prompt.js:101:37)
    at Interface.emit (node:events:508:28)
    at Interface.emit (node:domain:489:12)
    at [_ttyWrite] [as _ttyWrite] (node:internal/readline/interface:1317:18)
    at ReadStream.onkeypress (node:internal/readline/interface:284:20)
    at ReadStream.emit (node:events:520:35)
    at ReadStream.emit (node:domain:489:12)
    at emitKeys (node:internal/readline/utils:371:14)
    at emitKeys.next (<anonymous>)
    at ReadStream.onData (node:internal/readline/emitKeypressEvents:64:36)
[error] 
[error] Error: An unexpected error has occurred.
